05-06 20:41:27.120 30857-30857/com.android.gles3jni I/art: Late-enabling -Xcheck:jni
05-06 20:41:27.140 30857-30857/com.android.gles3jni D/TidaProvider: TidaProvider()
05-06 20:41:27.215 30857-30857/com.android.gles3jni W/art: Failed execv(/system/bin/dex2oat --runtime-arg -classpath --runtime-arg  --instruction-set=arm64 --instruction-set-features=smp,a53 --runtime-arg -Xrelocate --boot-image=/system/framework/boot.art --non-interactive --runtime-arg -Xms64m --runtime-arg -Xmx512m --instruction-set-variant=cortex-a53 --instruction-set-features=default --dex-file=/data/app/com.android.gles3jni-1/split_lib_slice_0_apk.apk --oat-file=/data/dalvik-cache/arm64/data@app@com.android.gles3jni-1@split_lib_slice_0_apk.apk@classes.dex) because non-0 exit status
05-06 20:41:27.252 30857-30857/com.android.gles3jni W/art: Failed execv(/system/bin/dex2oat --runtime-arg -classpath --runtime-arg  --instruction-set=arm64 --instruction-set-features=smp,a53 --runtime-arg -Xrelocate --boot-image=/system/framework/boot.art --non-interactive --runtime-arg -Xms64m --runtime-arg -Xmx512m --instruction-set-variant=cortex-a53 --instruction-set-features=default --dex-file=/data/app/com.android.gles3jni-1/split_lib_slice_1_apk.apk --oat-file=/data/dalvik-cache/arm64/data@app@com.android.gles3jni-1@split_lib_slice_1_apk.apk@classes.dex) because non-0 exit status
05-06 20:41:27.288 30857-30857/com.android.gles3jni W/art: Failed execv(/system/bin/dex2oat --runtime-arg -classpath --runtime-arg  --instruction-set=arm64 --instruction-set-features=smp,a53 --runtime-arg -Xrelocate --boot-image=/system/framework/boot.art --non-interactive --runtime-arg -Xms64m --runtime-arg -Xmx512m --instruction-set-variant=cortex-a53 --instruction-set-features=default --dex-file=/data/app/com.android.gles3jni-1/split_lib_slice_2_apk.apk --oat-file=/data/dalvik-cache/arm64/data@app@com.android.gles3jni-1@split_lib_slice_2_apk.apk@classes.dex) because non-0 exit status
05-06 20:41:27.324 30857-30857/com.android.gles3jni W/art: Failed execv(/system/bin/dex2oat --runtime-arg -classpath --runtime-arg  --instruction-set=arm64 --instruction-set-features=smp,a53 --runtime-arg -Xrelocate --boot-image=/system/framework/boot.art --non-interactive --runtime-arg -Xms64m --runtime-arg -Xmx512m --instruction-set-variant=cortex-a53 --instruction-set-features=default --dex-file=/data/app/com.android.gles3jni-1/split_lib_slice_3_apk.apk --oat-file=/data/dalvik-cache/arm64/data@app@com.android.gles3jni-1@split_lib_slice_3_apk.apk@classes.dex) because non-0 exit status
05-06 20:41:27.359 30857-30857/com.android.gles3jni W/art: Failed execv(/system/bin/dex2oat --runtime-arg -classpath --runtime-arg  --instruction-set=arm64 --instruction-set-features=smp,a53 --runtime-arg -Xrelocate --boot-image=/system/framework/boot.art --non-interactive --runtime-arg -Xms64m --runtime-arg -Xmx512m --instruction-set-variant=cortex-a53 --instruction-set-features=default --dex-file=/data/app/com.android.gles3jni-1/split_lib_slice_4_apk.apk --oat-file=/data/dalvik-cache/arm64/data@app@com.android.gles3jni-1@split_lib_slice_4_apk.apk@classes.dex) because non-0 exit status
05-06 20:41:27.391 30857-30857/com.android.gles3jni W/art: Failed execv(/system/bin/dex2oat --runtime-arg -classpath --runtime-arg  --instruction-set=arm64 --instruction-set-features=smp,a53 --runtime-arg -Xrelocate --boot-image=/system/framework/boot.art --non-interactive --runtime-arg -Xms64m --runtime-arg -Xmx512m --instruction-set-variant=cortex-a53 --instruction-set-features=default --dex-file=/data/app/com.android.gles3jni-1/split_lib_slice_5_apk.apk --oat-file=/data/dalvik-cache/arm64/data@app@com.android.gles3jni-1@split_lib_slice_5_apk.apk@classes.dex) because non-0 exit status
05-06 20:41:27.423 30857-30857/com.android.gles3jni W/art: Failed execv(/system/bin/dex2oat --runtime-arg -classpath --runtime-arg  --instruction-set=arm64 --instruction-set-features=smp,a53 --runtime-arg -Xrelocate --boot-image=/system/framework/boot.art --non-interactive --runtime-arg -Xms64m --runtime-arg -Xmx512m --instruction-set-variant=cortex-a53 --instruction-set-features=default --dex-file=/data/app/com.android.gles3jni-1/split_lib_slice_6_apk.apk --oat-file=/data/dalvik-cache/arm64/data@app@com.android.gles3jni-1@split_lib_slice_6_apk.apk@classes.dex) because non-0 exit status
05-06 20:41:27.455 30857-30857/com.android.gles3jni W/art: Failed execv(/system/bin/dex2oat --runtime-arg -classpath --runtime-arg  --instruction-set=arm64 --instruction-set-features=smp,a53 --runtime-arg -Xrelocate --boot-image=/system/framework/boot.art --non-interactive --runtime-arg -Xms64m --runtime-arg -Xmx512m --instruction-set-variant=cortex-a53 --instruction-set-features=default --dex-file=/data/app/com.android.gles3jni-1/split_lib_slice_7_apk.apk --oat-file=/data/dalvik-cache/arm64/data@app@com.android.gles3jni-1@split_lib_slice_7_apk.apk@classes.dex) because non-0 exit status
05-06 20:41:27.487 30857-30857/com.android.gles3jni W/art: Failed execv(/system/bin/dex2oat --runtime-arg -classpath --runtime-arg  --instruction-set=arm64 --instruction-set-features=smp,a53 --runtime-arg -Xrelocate --boot-image=/system/framework/boot.art --non-interactive --runtime-arg -Xms64m --runtime-arg -Xmx512m --instruction-set-variant=cortex-a53 --instruction-set-features=default --dex-file=/data/app/com.android.gles3jni-1/split_lib_slice_8_apk.apk --oat-file=/data/dalvik-cache/arm64/data@app@com.android.gles3jni-1@split_lib_slice_8_apk.apk@classes.dex) because non-0 exit status
05-06 20:41:27.531 30857-30857/com.android.gles3jni W/art: Failed execv(/system/bin/dex2oat --runtime-arg -classpath --runtime-arg  --instruction-set=arm64 --instruction-set-features=smp,a53 --runtime-arg -Xrelocate --boot-image=/system/framework/boot.art --non-interactive --runtime-arg -Xms64m --runtime-arg -Xmx512m --instruction-set-variant=cortex-a53 --instruction-set-features=default --dex-file=/data/app/com.android.gles3jni-1/split_lib_slice_9_apk.apk --oat-file=/data/dalvik-cache/arm64/data@app@com.android.gles3jni-1@split_lib_slice_9_apk.apk@classes.dex) because non-0 exit status
05-06 20:41:27.534 30857-30857/com.android.gles3jni D/ActivityThread: installProvider: context.getPackageName()=com.android.gles3jni
05-06 20:41:27.535 30857-30857/com.android.gles3jni I/InstantRun: starting instant run server: is main process
05-06 20:41:27.539 30857-30857/com.android.gles3jni V/ActivityThread: Handling launch of ActivityRecord{b07818a token=android.os.BinderProxy@b313c18 {com.android.gles3jni/com.android.gles3jni.GLES3JNIActivity}} startsNotResumed=false
05-06 20:41:27.548 30857-30857/com.android.gles3jni V/ActivityThread: ActivityRecord{b07818a token=android.os.BinderProxy@b313c18 {com.android.gles3jni/com.android.gles3jni.GLES3JNIActivity}}: app=android.app.Application@642c56, appName=com.android.gles3jni, pkg=com.android.gles3jni, comp={com.android.gles3jni/com.android.gles3jni.GLES3JNIActivity}, dir=/data/app/com.android.gles3jni-1/base.apk
05-06 20:41:27.577 30857-30857/com.android.gles3jni D/AccessibilityManager: current package=com.android.gles3jni, accessibility manager mIsFinalEnabled=false, mOptimizeEnabled=false, mIsUiAutomationEnabled=false, mIsInterestedPackage=false
05-06 20:41:27.577 30857-30857/com.android.gles3jni D/SurfaceView: checkSurfaceViewlLogProperty get invalid command
05-06 20:41:27.578 30857-30857/com.android.gles3jni D/GLSurfaceView: checkGLSurfaceViewlLogProperty get invalid command
05-06 20:41:27.578 30857-30857/com.android.gles3jni I/GLSurfaceView: setRenderer(), this = com.android.gles3jni.GLES3JNIView{ad44d7 V.E...... ......I. 0,0-0,0}
05-06 20:41:27.583 30857-30857/com.android.gles3jni V/ActivityThread: Performing resume of ActivityRecord{b07818a token=android.os.BinderProxy@b313c18 {com.android.gles3jni/com.android.gles3jni.GLES3JNIActivity}}
05-06 20:41:27.585 30857-30857/com.android.gles3jni D/ActivityThread: ACT-AM_ON_RESUME_CALLED ActivityRecord{b07818a token=android.os.BinderProxy@b313c18 {com.android.gles3jni/com.android.gles3jni.GLES3JNIActivity}}
05-06 20:41:27.585 30857-30857/com.android.gles3jni V/ActivityThread: Resume ActivityRecord{b07818a token=android.os.BinderProxy@b313c18 {com.android.gles3jni/com.android.gles3jni.GLES3JNIActivity}} started activity: false, hideForNow: false, finished: false
05-06 20:41:27.585 30857-30857/com.android.gles3jni V/PhoneWindow: DecorView setVisiblity: visibility = 4 ,Parent =null, this =com.android.internal.policy.PhoneWindow$DecorView{a0a01c4 I.E...... R.....ID 0,0-0,0}
05-06 20:41:27.588 30857-30857/com.android.gles3jni D/WindowClient: Add to mViews: com.android.internal.policy.PhoneWindow$DecorView{a0a01c4 I.E...... R.....ID 0,0-0,0}, this = android.view.WindowManagerGlobal@225c55c
05-06 20:41:27.589 30857-30857/com.android.gles3jni D/OpenGLRenderer: Dumper init 5 threads <0x7f8fc2b780>
05-06 20:41:27.589 30857-30857/com.android.gles3jni D/OpenGLRenderer: <com.android.gles3jni> is running.
05-06 20:41:27.591 30857-30902/com.android.gles3jni D/OpenGLRenderer: Use EGL_SWAP_BEHAVIOR_PRESERVED: true
05-06 20:41:27.591 30857-30902/com.android.gles3jni D/OpenGLRenderer: CanvasContext() 0x7f8ae85800
05-06 20:41:27.596 30857-30857/com.android.gles3jni I/[MALI][Gralloc]: [+]r_hnd(0x7f85aa2740), client(48), share_fd(46)
05-06 20:41:27.596 30857-30857/com.android.gles3jni D/GraphicBuffer: register, handle(0x7f85aa2740) (w:1856 h:2048 s:1856 f:0x1 u:0x000100)
05-06 20:41:27.597 30857-30857/com.android.gles3jni D/ViewRootImpl: hardware acceleration is enabled, this = ViewRoot{d5f4065 com.android.gles3jni/com.android.gles3jni.GLES3JNIActivity,ident = 0}
05-06 20:41:27.601 30857-30857/com.android.gles3jni V/ActivityThread: Resuming ActivityRecord{b07818a token=android.os.BinderProxy@b313c18 {com.android.gles3jni/com.android.gles3jni.GLES3JNIActivity}} with isForward=true
05-06 20:41:27.601 30857-30857/com.android.gles3jni V/PhoneWindow: DecorView setVisiblity: visibility = 0 ,Parent =ViewRoot{d5f4065 com.android.gles3jni/com.android.gles3jni.GLES3JNIActivity,ident = 0}, this =com.android.internal.policy.PhoneWindow$DecorView{a0a01c4 V.E...... R.....ID 0,0-0,0}
05-06 20:41:27.601 30857-30857/com.android.gles3jni V/ActivityThread: Scheduling idle handler for ActivityRecord{b07818a token=android.os.BinderProxy@b313c18 {com.android.gles3jni/com.android.gles3jni.GLES3JNIActivity}}
05-06 20:41:27.608 30857-30857/com.android.gles3jni I/SurfaceView: updateWindow -- onWindowVisibilityChanged, visibility = 0, this = com.android.gles3jni.GLES3JNIView{ad44d7 V.E...... ......I. 0,0-0,0}
05-06 20:41:27.627 30857-30902/com.android.gles3jni D/OpenGLRenderer: CanvasContext() 0x7f8ae85800 initialize window=0x7f9129f010, title=com.android.gles3jni/com.android.gles3jni.GLES3JNIActivity
05-06 20:41:27.627 30857-30857/com.android.gles3jni I/SurfaceView: updateWindow -- setFrame, this = com.android.gles3jni.GLES3JNIView{ad44d7 V.E...... ......ID 0,0-1080,1920}
05-06 20:41:27.628 30857-30857/com.android.gles3jni I/SurfaceView: updateWindow -- OnPreDrawListener, mHaveFrame = true, this = com.android.gles3jni.GLES3JNIView{ad44d7 V.E...... ......ID 0,0-1080,1920}
05-06 20:41:27.628 30857-30857/com.android.gles3jni I/SurfaceView: Changes: creating=true format=true size=true visible=true left=true top=true mUpdateWindowNeeded=false mReportDrawNeeded=false redrawNeeded=false forceSizeChanged=true mVisible=false mRequestedVisible=true, this = com.android.gles3jni.GLES3JNIView{ad44d7 V.E...... ......ID 0,0-1080,1920}
05-06 20:41:27.631 30857-30857/com.android.gles3jni I/SurfaceView: Cur surface: Surface(name=null)/@0xa4b613a, this = com.android.gles3jni.GLES3JNIView{ad44d7 V.E...... ......ID 0,0-1080,1920}
05-06 20:41:27.635 30857-30869/com.android.gles3jni V/SurfaceView: this = com.android.gles3jni.GLES3JNIView{ad44d7 V.E...... ......ID 0,0-1080,1920} got resized: w=1080 h=1920, cur w=-1 h=-1
05-06 20:41:27.636 30857-30857/com.android.gles3jni I/SurfaceView: New surface: Surface(name=null)/@0x69441eb, vis=true, frame=Rect(0, 0 - 1080, 1920), this = com.android.gles3jni.GLES3JNIView{ad44d7 V.E...... ......ID 0,0-1080,1920}
05-06 20:41:27.636 30857-30857/com.android.gles3jni I/SurfaceView: Callback --> surfaceCreated, this = com.android.gles3jni.GLES3JNIView{ad44d7 V.E...... ......ID 0,0-1080,1920}
05-06 20:41:27.636 30857-30857/com.android.gles3jni I/SurfaceView: surfaceCreated callback +, this = com.android.gles3jni.GLES3JNIView{ad44d7 V.E...... ......ID 0,0-1080,1920}
05-06 20:41:27.637 30857-30857/com.android.gles3jni I/SurfaceView: surfaceCreated callback -, this = com.android.gles3jni.GLES3JNIView{ad44d7 V.E...... ......ID 0,0-1080,1920}
05-06 20:41:27.637 30857-30857/com.android.gles3jni I/SurfaceView: surfaceChanged -- format=4 w=1080 h=1920, this = com.android.gles3jni.GLES3JNIView{ad44d7 V.E...... ......ID 0,0-1080,1920}
05-06 20:41:27.637 30857-30857/com.android.gles3jni I/SurfaceView: surfaceChanged callback +, this = com.android.gles3jni.GLES3JNIView{ad44d7 V.E...... ......ID 0,0-1080,1920}
05-06 20:41:27.637 30857-30857/com.android.gles3jni I/SurfaceView: surfaceChanged callback -, this = com.android.gles3jni.GLES3JNIView{ad44d7 V.E...... ......ID 0,0-1080,1920}
05-06 20:41:27.637 30857-30857/com.android.gles3jni I/SurfaceView: surfaceRedrawNeeded, this = com.android.gles3jni.GLES3JNIView{ad44d7 V.E...... ......ID 0,0-1080,1920}
05-06 20:41:27.637 30857-30857/com.android.gles3jni I/SurfaceView: finishedDrawing, this = com.android.gles3jni.GLES3JNIView{ad44d7 V.E...... ......ID 0,0-1080,1920}
05-06 20:41:27.639 30857-30857/com.android.gles3jni V/SurfaceView: Layout: x=0 y=0 w=1080 h=1920, frame=Rect(0, 0 - 1080, 1920), this = com.android.gles3jni.GLES3JNIView{ad44d7 V.E...... ......ID 0,0-1080,1920}
05-06 20:41:27.689 30857-30902/com.android.gles3jni I/OpenGLRenderer: Initialized EGL, version 1.4
05-06 20:41:27.689 30857-30901/com.android.gles3jni I/EglHelper: eglInitialize = 41461, this = com.android.gles3jni.GLES3JNIView{ad44d7 V.E...... ......ID 0,0-1080,1920}
05-06 20:41:27.689 30857-30901/com.android.gles3jni I/EglHelper: chooseConfig = 41461, this = com.android.gles3jni.GLES3JNIView{ad44d7 V.E...... ......ID 0,0-1080,1920}
05-06 20:41:27.690 30857-30901/com.android.gles3jni I/DefaultContextFactory: createContext = 41461, this = com.android.gles3jni.GLES3JNIView{ad44d7 V.E...... ......ID 0,0-1080,1920}
05-06 20:41:27.694 30857-30902/com.android.gles3jni D/OpenGLRenderer: Created EGL context (0x7f8fdb7800)
05-06 20:41:27.694 30857-30901/com.android.gles3jni D/Surface: Surface::connect(this=0x7f912a0c00,api=1)
05-06 20:41:27.695 30857-30901/com.android.gles3jni W/libEGL: [ANDROID_RECORDABLE] format: 2
05-06 20:41:27.695 30857-30902/com.android.gles3jni I/OpenGLRenderer: Get enable program binary service property (1)
05-06 20:41:27.695 30857-30902/com.android.gles3jni I/OpenGLRenderer: Initializing program atlas...
05-06 20:41:27.696 30857-30901/com.android.gles3jni D/mali_winsys: new_window_surface returns 0x3000
05-06 20:41:27.696 30857-30902/com.android.gles3jni D/ProgramBinary/Service: BpProgramBinaryService.getFileDescriptor
05-06 20:41:27.696 30857-30902/com.android.gles3jni D/ProgramBinary/Service: BpProgramBinaryService.getProgramMapLen
05-06 20:41:27.696 30857-30902/com.android.gles3jni D/ProgramBinary/Service: BpProgramBinaryService.getProgramMapArray
05-06 20:41:27.696 30857-30902/com.android.gles3jni D/ProgramBinary/Service: BpProgramBinaryService.getProgramBinaryLen
05-06 20:41:27.696 30857-30902/com.android.gles3jni I/OpenGLRenderer: Program binary detail: Binary length is 169176, program map length is 152.
05-06 20:41:27.696 30857-30902/com.android.gles3jni I/OpenGLRenderer: Succeeded to mmap program binaries. File descriptor is 57, and path is /dev/ashmem.
05-06 20:41:27.696 30857-30902/com.android.gles3jni I/OpenGLRenderer: No need to use file discriptor anymore, close fd(57).
05-06 20:41:27.697 30857-30902/com.android.gles3jni D/OpenGLRenderer: Initializing program cache from 0x7f94ec9bb8, size = 2
05-06 20:41:27.699 30857-30902/com.android.gles3jni D/OpenGLRenderer: -- init (key = 0x0000000000000000)
05-06 20:41:27.700 30857-30902/com.android.gles3jni D/OpenGLRenderer: -- init (key = 0x0000020000000008)
05-06 20:41:27.701 30857-30902/com.android.gles3jni D/MALI: eglCreateImageKHR:511: [Crop] 0 0 1856 2048  img[1856 2048] 
05-06 20:41:27.702 30857-30902/com.android.gles3jni D/Surface: Surface::connect(this=0x7f9129f000,api=1)
05-06 20:41:27.702 30857-30902/com.android.gles3jni W/libEGL: [ANDROID_RECORDABLE] format: 1
05-06 20:41:27.703 30857-30902/com.android.gles3jni D/mali_winsys: new_window_surface returns 0x3000
05-06 20:41:27.706 30857-30857/com.android.gles3jni I/SurfaceView: updateWindow -- OnPreDrawListener, mHaveFrame = true, this = com.android.gles3jni.GLES3JNIView{ad44d7 V.E...... ......ID 0,0-1080,1920}
05-06 20:41:27.706 30857-30857/com.android.gles3jni I/SurfaceView: Changes: creating=false format=false size=false visible=false left=false top=false mUpdateWindowNeeded=true mReportDrawNeeded=true redrawNeeded=false forceSizeChanged=false mVisible=true mRequestedVisible=true, this = com.android.gles3jni.GLES3JNIView{ad44d7 V.E...... ......ID 0,0-1080,1920}
05-06 20:41:27.706 30857-30857/com.android.gles3jni I/SurfaceView: Cur surface: Surface(name=null)/@0xa4b613a, this = com.android.gles3jni.GLES3JNIView{ad44d7 V.E...... ......ID 0,0-1080,1920}
05-06 20:41:27.707 30857-30901/com.android.gles3jni V/GLES3JNI: GL Version: OpenGL ES 3.1 v1.r7p0-02rel0.948612737e9aa7b431a5c9b2a197dce2
05-06 20:41:27.707 30857-30901/com.android.gles3jni V/GLES3JNI: GL Vendor: ARM
05-06 20:41:27.707 30857-30901/com.android.gles3jni V/GLES3JNI: GL Renderer: Mali-T880
05-06 20:41:27.707 30857-30901/com.android.gles3jni V/GLES3JNI: GL Extensions: GL_EXT_debug_marker GL_ARM_rgba8 GL_ARM_mali_shader_binary GL_OES_depth24 GL_OES_depth_texture GL_OES_depth_texture_cube_map GL_OES_packed_depth_stencil GL_OES_rgb8_rgba8 GL_EXT_read_format_bgra GL_OES_compressed_paletted_texture GL_OES_compressed_ETC1_RGB8_texture GL_OES_standard_derivatives GL_OES_EGL_image GL_OES_EGL_image_external GL_OES_EGL_sync GL_OES_texture_npot GL_OES_vertex_half_float GL_OES_required_internalformat GL_OES_vertex_array_object GL_OES_mapbuffer GL_EXT_texture_format_BGRA8888 GL_EXT_texture_rg GL_EXT_texture_type_2_10_10_10_REV GL_OES_fbo_render_mipmap GL_OES_element_index_uint GL_EXT_shadow_samplers GL_OES_texture_compression_astc GL_KHR_texture_compression_astc_ldr GL_KHR_texture_compression_astc_hdr GL_KHR_debug GL_EXT_occlusion_query_boolean GL_EXT_disjoint_timer_query GL_EXT_blend_minmax GL_EXT_discard_framebuffer GL_OES_get_program_binary GL_OES_texture_3D GL_EXT_texture_storage GL_EXT_multisampled_render_to_texture GL_OES_surfaceless_context GL_OES_texture_stencil
05-06 20:41:27.709 30857-30901/com.android.gles3jni V/GLES3JNI: Using OpenGL ES 3.0 renderer
05-06 20:41:27.709 30857-30857/com.android.gles3jni I/SurfaceView: New surface: Surface(name=null)/@0x69441eb, vis=true, frame=Rect(0, 0 - 1080, 1920), this = com.android.gles3jni.GLES3JNIView{ad44d7 V.E...... ......ID 0,0-1080,1920}
05-06 20:41:27.709 30857-30857/com.android.gles3jni I/SurfaceView: surfaceRedrawNeeded, this = com.android.gles3jni.GLES3JNIView{ad44d7 V.E...... ......ID 0,0-1080,1920}
05-06 20:41:27.709 30857-30857/com.android.gles3jni I/SurfaceView: finishedDrawing, this = com.android.gles3jni.GLES3JNIView{ad44d7 V.E...... ......ID 0,0-1080,1920}
05-06 20:41:27.710 30857-30857/com.android.gles3jni V/SurfaceView: Layout: x=0 y=0 w=1080 h=1920, frame=Rect(0, 0 - 1080, 1920), this = com.android.gles3jni.GLES3JNIView{ad44d7 V.E...... ......ID 0,0-1080,1920}
05-06 20:41:27.711 30857-30857/com.android.gles3jni I/SurfaceView: Punch a hole(dispatchDraw), w = 1080, h = 1920, this = com.android.gles3jni.GLES3JNIView{ad44d7 V.E...... ........ 0,0-1080,1920}
05-06 20:41:27.711 30857-30902/com.android.gles3jni I/PerfService: PerfServiceNative api init
05-06 20:41:27.718 30857-30901/com.android.gles3jni I/[MALI][Gralloc]: [+]r_hnd(0x7f8b0678c0), client(48), share_fd(61)
05-06 20:41:27.718 30857-30901/com.android.gles3jni D/GraphicBuffer: register, handle(0x7f8b0678c0) (w:1080 h:1920 s:1088 f:0x2 u:0x000b00)
05-06 20:41:27.723 30857-30902/com.android.gles3jni I/[MALI][Gralloc]: [+]r_hnd(0x7f85aa2c40), client(48), share_fd(64)
05-06 20:41:27.723 30857-30902/com.android.gles3jni D/GraphicBuffer: register, handle(0x7f85aa2c40) (w:1080 h:1920 s:1088 f:0x1 u:0x000b00)
05-06 20:41:27.725 30857-30902/com.android.gles3jni D/OpenGLRenderer: ProgramCache save to disk, size = 2
05-06 20:41:27.728 30857-30901/com.android.gles3jni I/[MALI][Gralloc]: [+]r_hnd(0x7f8b067960), client(48), share_fd(63)
05-06 20:41:27.728 30857-30901/com.android.gles3jni D/GraphicBuffer: register, handle(0x7f8b067960) (w:1080 h:1920 s:1088 f:0x2 u:0x000b00)
05-06 20:41:27.729 30857-30902/com.android.gles3jni I/[MALI][Gralloc]: [+]r_hnd(0x7f85aa2d80), client(48), share_fd(67)
05-06 20:41:27.729 30857-30902/com.android.gles3jni D/GraphicBuffer: register, handle(0x7f85aa2d80) (w:1080 h:1920 s:1088 f:0x1 u:0x000b00)
05-06 20:41:27.733 30857-30901/com.android.gles3jni I/[MALI][Gralloc]: [+]r_hnd(0x7f8b067a00), client(48), share_fd(70)
05-06 20:41:27.733 30857-30901/com.android.gles3jni D/GraphicBuffer: register, handle(0x7f8b067a00) (w:1080 h:1920 s:1088 f:0x2 u:0x000b00)
05-06 20:41:27.734 30857-30857/com.android.gles3jni V/InputMethodManager: onWindowFocus: null softInputMode=288 first=true flags=#1810500
05-06 20:41:27.734 30857-30857/com.android.gles3jni V/InputMethodManager: START INPUT: com.android.internal.policy.PhoneWindow$DecorView{a0a01c4 V.E...... R.....I. 0,0-1080,1920} ic=null tba=android.view.inputmethod.EditorInfo@dfe5706 controlFlags=#104
05-06 20:41:27.738 30857-30857/com.android.gles3jni I/SurfaceView: updateWindow -- UPDATE_WINDOW_MSG, this = Handler (android.view.SurfaceView$1) {87311c7}
05-06 20:41:27.739 30857-30901/com.android.gles3jni I/[MALI][Gralloc]: [+]r_hnd(0x7f8b067aa0), client(48), share_fd(69)
05-06 20:41:27.739 30857-30901/com.android.gles3jni D/GraphicBuffer: register, handle(0x7f8b067aa0) (w:1080 h:1920 s:1088 f:0x2 u:0x000b00)
05-06 20:41:27.739 30857-30857/com.android.gles3jni I/SurfaceView: updateWindow -- setFrame, this = com.android.gles3jni.GLES3JNIView{ad44d7 V.E...... ......I. 0,0-1080,1920}
05-06 20:41:27.740 30857-30857/com.android.gles3jni I/SurfaceView: updateWindow -- OnPreDrawListener, mHaveFrame = true, this = com.android.gles3jni.GLES3JNIView{ad44d7 V.E...... ......I. 0,0-1080,1920}
05-06 20:41:27.740 30857-30857/com.android.gles3jni I/SurfaceView: Punch a hole(dispatchDraw), w = 1080, h = 1920, this = com.android.gles3jni.GLES3JNIView{ad44d7 V.E...... ........ 0,0-1080,1920}
05-06 20:41:27.745 30857-30902/com.android.gles3jni I/[MALI][Gralloc]: [+]r_hnd(0x7f85aa2e20), client(48), share_fd(73)
05-06 20:41:27.745 30857-30902/com.android.gles3jni D/GraphicBuffer: register, handle(0x7f85aa2e20) (w:1080 h:1920 s:1088 f:0x1 u:0x000b00)
